**Algorithm Name:** BLASTN
**Subject:** 1sequence
**Length:** 100 bp
**Time:** 60.87 s
**Identity:** 100.0
**E-value:** 1.12885e-41
**Score:** 200.0
----------------

**Algorithm Name:** BLASTN
**Subject:** 1sequence
**Length:** 500 bp
**Time:** 80.01 s
**Identity:** 100.0
**E-value:** 0.0
**Score:** 1000.0
-----------------

**Algorithm Name:** BLASTN
**Subject:** 1sequence
**Length:** 1000 bp
**Time:** 140.05 s
**Identity:** 100.0
**E-value:** 0.0
**Score:** 2000.0
-----------------

**Algorithm Name:** BLASTN
**Subject:** 1sequence
**Length:** 2000 bp
**Time:** 199.98 s
**Identity:** 100.0
**E-value:** 0.0
**Score:** 4000.0
-----------------

**Algorithm Name:** BLASTN
**Subject:** 2sequence
**Length:** 100 bp
**Time:** 20.04 s
**Identity:** 100.0
**E-value:** 1.12885e-41
**Score:** 200.0
----------------

**Algorithm Name:** BLASTN
**Subject:** 2sequence
**Length:** 500 bp
**Time:** 19.89 s
**Identity:** 100.0
**E-value:** 0.0
**Score:** 1000.0
-----------------

**Algorithm Name:** BLASTN
**Subject:** 2sequence
**Length:** 1000 bp
**Time:** 19.90 s
**Identity:** 100.0
**E-value:** 0.0
**Score:** 2000.0
-----------------

**Algorithm Name:** BLASTN
**Subject:** 2sequence
**Length:** 2000 bp
**Time:** 80.24 s
**Identity:** 100.0
**E-value:** 0.0
**Score:** 4000.0
-----------------

**Algorithm Name:** BLASTN
**Subject:** 3sequence
**Length:** 100 bp
**Time:** 139.84 s
**Identity:** 100.0
**E-value:** 1.12885e-41
**Score:** 200.0
----------------

**Algorithm Name:** BLASTN
**Subject:** 3sequence
**Length:** 500 bp
**Time:** 21.07 s
**Identity:** 100.0
**E-value:** 0.0
**Score:** 1000.0
-----------------

**Algorithm Name:** BLASTN
**Subject:** 3sequence
**Length:** 1000 bp
**Time:** 18.89 s
**Identity:** 100.0
**E-value:** 0.0
**Score:** 2000.0
-----------------

**Algorithm Name:** BLASTN
**Subject:** 3sequence
**Length:** 2000 bp
**Time:** 80.10 s
**Identity:** 100.0
**E-value:** 0.0
**Score:** 4000.0
-----------------

**Algorithm Name:** BLASTN
**Subject:** 4sequence
**Length:** 100 bp
**Time:** 19.83 s
**Identity:** 100.0
**E-value:** 1.12885e-41
**Score:** 200.0
----------------

**Algorithm Name:** BLASTN
**Subject:** 4sequence
**Length:** 500 bp
**Time:** 20.15 s
**Identity:** 100.0
**E-value:** 0.0
**Score:** 1000.0
-----------------

**Algorithm Name:** BLASTN
**Subject:** 4sequence
**Length:** 1000 bp
**Time:** 19.88 s
**Identity:** 100.0
**E-value:** 0.0
**Score:** 2000.0
-----------------

**Algorithm Name:** BLASTN
**Subject:** 4sequence
**Length:** 2000 bp
**Time:** 20.02 s
**Identity:** 100.0
**E-value:** 0.0
**Score:** 4000.0
-----------------