**Algorithm Name:** BLASTX
**Subject:** 1sequence
**Length:** 100 bp
**Time:** 180.79 s
**Identity:** 95.45454545454545
**E-value:** 1.82245e-05
**Score:** 111.0
----------------

**Algorithm Name:** BLASTX
**Subject:** 1sequence
**Length:** 500 bp
**Time:** 79.99 s
**Identity:** 96.0
**E-value:** 1.26718e-05
**Score:** 125.0
----------------

**Algorithm Name:** BLASTX
**Subject:** 1sequence
**Length:** 1000 bp
**Time:** 80.04 s
**Identity:** 100.0
**E-value:** 5.16872e-43
**Score:** 398.0
----------------

**Algorithm Name:** BLASTX
**Subject:** 1sequence
**Length:** 2000 bp
**Time:** 79.95 s
**Identity:** 100.0
**E-value:** 1.9922e-40
**Score:** 398.0
----------------

**Algorithm Name:** BLASTX
**Subject:** 2sequence
**Length:** 100 bp
**Time:** 80.06 s
**Identity:** 100.0
**E-value:** 6.47942e-12
**Score:** 153.0
----------------

**Algorithm Name:** BLASTX
**Subject:** 2sequence
**Length:** 500 bp
**Time:** 139.93 s
**Identity:** 99.23076923076923
**E-value:** 2.91075e-83
**Score:** 651.0
----------------

**Algorithm Name:** BLASTX
**Subject:** 2sequence
**Length:** 1000 bp
**Time:** 139.99 s
**Identity:** 100.0
**E-value:** 1.19614e-163
**Score:** 1207.0
-----------------

**Algorithm Name:** BLASTX
**Subject:** 2sequence
**Length:** 2000 bp
**Time:** 920.04 s
**Identity:** 97.92746113989638
**E-value:** 0.0
**Score:** 3012.0
-----------------

**Algorithm Name:** BLASTX
**Subject:** 3sequence
**Length:** 100 bp
**Time:** 79.92 s
**Identity:** -
**E-value:** -
**Score:** -
------------

**Algorithm Name:** BLASTX
**Subject:** 3sequence
**Length:** 500 bp
**Time:** 80.08 s
**Identity:** 48.484848484848484
**E-value:** 9.45135e-05
**Score:** 126.0
----------------

**Algorithm Name:** BLASTX
**Subject:** 3sequence
**Length:** 1000 bp
**Time:** 79.95 s
**Identity:** 64.28571428571429
**E-value:** 5.09946e-09
**Score:** 157.0
----------------

**Algorithm Name:** BLASTX
**Subject:** 3sequence
**Length:** 2000 bp
**Time:** 80.05 s
**Identity:** 84.21052631578948
**E-value:** 1.72312e-09
**Score:** 160.0
----------------

**Algorithm Name:** BLASTX
**Subject:** 4sequence
**Length:** 100 bp
**Time:** 79.92 s
**Identity:** -
**E-value:** -
**Score:** -
------------

**Algorithm Name:** BLASTX
**Subject:** 4sequence
**Length:** 500 bp
**Time:** 80.06 s
**Identity:** 66.0
**E-value:** 2.02738e-31
**Score:** 317.0
----------------

**Algorithm Name:** BLASTX
**Subject:** 4sequence
**Length:** 1000 bp
**Time:** 139.98 s
**Identity:** 63.63636363636363
**E-value:** 3.06646e-30
**Score:** 310.0
----------------

**Algorithm Name:** BLASTX
**Subject:** 4sequence
**Length:** 2000 bp
**Time:** 320.19 s
**Identity:** 63.63636363636363
**E-value:** 1.53858e-28
**Score:** 310.0
----------------
